// Jest Snapshot v1, https://goo.gl/fbAQLP

exports[`Function transform FeatureModule 1`] = `
""use strict";
Object.defineProperty(exports, "__esModule", { value: true });
exports.BookModule = exports.SOME_ASSIGMENT_NOISE = void 0;
const tslib_1 = require("tslib");
const common_1 = require("@nestjs/common");
const BookInfraModule_1 = require("./Infrastructure/BookInfraModule");
const BookCreateCommandHandler_1 = require("./Application/Book/Command/Create/BookCreateCommandHandler");
const BookGetByIdQueryHandler_1 = require("./Application/Book/Query/GetById/BookGetByIdQueryHandler");
const BookService_1 = require("./Application/Book/Service/BookService");
// TEST TRANSFORMING IGNORE COMMENT
exports.SOME_ASSIGMENT_NOISE = 10;
let BookModule = class BookModule {
};
exports.BookModule = BookModule;
exports.BookModule = BookModule = tslib_1.__decorate([
    (0, common_1.Module)({
        imports: [BookInfraModule_1.BookInfraModule],
        providers: [BookCreateCommandHandler_1.BookCreateCommandHandler, BookGetByIdQueryHandler_1.BookGetByIdQueryHandler, BookService_1.BookService],
        exports: []
    })
], BookModule);
//# sourceMappingURL=BookModule.js.map"
`;

exports[`Function transform HObject: Command 1`] = `
""use strict";
Object.defineProperty(exports, "__esModule", { value: true });
exports.BookCreateCommand = void 0;
class BookCreateCommand {
    constructor(title) {
        this.title = title;
    }
}
exports.BookCreateCommand = BookCreateCommand;
//# sourceMappingURL=BookCreateCommand.js.map"
`;
